./Applied-Data-Science-Capstone-master.zip.dir/Applied-Data-Science-Capstone-master/FrederictonLocations.csv
./Coursera_Capstone-master.01.zip.dir/Coursera_Capstone-master/manhattan_merged.csv
./Coursera_Capstone-master.01.zip.dir/Coursera_Capstone-master/MH_flats_price.csv
./Coursera_Capstone-master.01.zip.dir/Coursera_Capstone-master/mh_neigh_data.csv
./Coursera_Capstone-master.01.zip.dir/Coursera_Capstone-master/MH_rent_latlong.csv
./Coursera_Capstone-master.01.zip.dir/Coursera_Capstone-master/MH_subway.csv
./Coursera_Capstone-master.01.zip.dir/Coursera_Capstone-master/NYC_subway_list.csv
./Coursera_Capstone-master.02.zip.dir/Coursera_Capstone-master/task1.csv
./Coursera_Capstone-master.02.zip.dir/Coursera_Capstone-master/task2.csv
./Coursera_Capstone-master.04.zip.dir/Coursera_Capstone-master/saved_data/sg_top_clusters.csv
./Coursera_Capstone-master.04.zip.dir/Coursera_Capstone-master/saved_data/sg_top_common_venues.csv
./Coursera_Capstone-master.04.zip.dir/Coursera_Capstone-master/saved_data/singapore_average_rpbt.csv
./Coursera_Capstone-master.04.zip.dir/Coursera_Capstone-master/saved_data/singapore_food_venues.600Scores.Category.csv
./Coursera_Capstone-master.04.zip.dir/Coursera_Capstone-master/saved_data/singapore_food_venues.Category.noscore.csv
./Coursera_Capstone-master.04.zip.dir/Coursera_Capstone-master/saved_data/singapore_food_venues.Category_v1.csv
./Coursera_Capstone-master.04.zip.dir/Coursera_Capstone-master/saved_data/singapore_food_venues.Category_v2.csv
./Coursera_Capstone-master.04.zip.dir/Coursera_Capstone-master/saved_data/singapore_Nightlife_by_town.Category.csv
./Coursera_Capstone-master.04.zip.dir/Coursera_Capstone-master/saved_data/singapore_outdoorAndRecration.Category.csv
./Coursera_Capstone-master.04.zip.dir/Coursera_Capstone-master/saved_data/singapore_outdoorAndRecration.Category.noscore.csv
./Coursera_Capstone-master.05.zip.dir/Coursera_Capstone-master/dataset.csv
./Coursera_Capstone-master.05.zip.dir/Coursera_Capstone-master/dataset_with_coordinates.csv
./Coursera_Capstone-master.05.zip.dir/Coursera_Capstone-master/Geospatial_Coordinates.csv
./Coursera_Capstone-master.06.zip.dir/Coursera_Capstone-master/Geospatial_Coordinates.csv
./Coursera_Capstone-master.07.zip.dir/Coursera_Capstone-master/capstone_data/category_ids.csv
./Coursera_Capstone-master.07.zip.dir/Coursera_Capstone-master/capstone_data/crimes.csv
./Coursera_Capstone-master.07.zip.dir/Coursera_Capstone-master/capstone_data/crimes_mine.csv
./Coursera_Capstone-master.08.zip.dir/Coursera_Capstone-master/Week4/Tokyo_df_Coord.csv
./Coursera_Capstone-master.08.zip.dir/Coursera_Capstone-master/Week5/Tokyo_5_Wards.csv
./Coursera_Capstone-master.08.zip.dir/Coursera_Capstone-master/Week5/Tokyo_df_Coord.csv
./Coursera_Capstone-master.14.zip.dir/coursera_capstone-master/Dubai_neighborhoods.csv
./Coursera_Capstone-master.15.zip.dir/CapstoneProject-master/JB_disrict.csv
./Coursera_Capstone-master.15.zip.dir/CapstoneProject-master/KL_disrict.csv
