./Applied-Data-Science-Capstone-master.zip.dir/Applied-Data-Science-Capstone-master/Capstone_Week5.pdf
./Coursera6J8UZFYLBR87.pdf
./Coursera_Bigdata_UCSD-master.zip.dir/Coursera_Bigdata_UCSD-master/CapstoneProject/TahaHussein_FinalPresentation.pdf
./Coursera_Bigdata_UCSD-master.zip.dir/Coursera_Bigdata_UCSD-master/CapstoneProject/TechnicalAppendix.pdf
./Coursera_Bigdata_UCSD-master.zip.dir/Coursera_Bigdata_UCSD-master/Certificates/BigDataIntegrationandProcessing.pdf
./Coursera_Bigdata_UCSD-master.zip.dir/Coursera_Bigdata_UCSD-master/Certificates/BigDataModelingandManagementSystems.pdf
./Coursera_Bigdata_UCSD-master.zip.dir/Coursera_Bigdata_UCSD-master/Certificates/CapstoneProject.pdf
./Coursera_Bigdata_UCSD-master.zip.dir/Coursera_Bigdata_UCSD-master/Certificates/GraphAnalyticsforBigData.pdf
./Coursera_Bigdata_UCSD-master.zip.dir/Coursera_Bigdata_UCSD-master/Certificates/IntroductiontoBigData.pdf
./Coursera_Bigdata_UCSD-master.zip.dir/Coursera_Bigdata_UCSD-master/Certificates/MachineLearning.pdf
./Coursera_Bigdata_UCSD-master.zip.dir/Coursera_Bigdata_UCSD-master/IntroductiontoBigData/MapReduce.pdf
./Coursera_Capstone-master.01.zip.dir/Coursera_Capstone-master/CourseraCapstoneReport-GNavia.pdf
./Coursera_Capstone-master.03.zip.dir/Coursera_Capstone-master/FinalProject/Business_Problem.pdf
./Coursera_Capstone-master.03.zip.dir/Coursera_Capstone-master/FinalProject/Capstone_Project_Documentation.pdf
./Coursera_Capstone-master.03.zip.dir/Coursera_Capstone-master/FinalProject/Data_Description.pdf
./Coursera_Capstone-master.03.zip.dir/Coursera_Capstone-master/FinalProject/DataScraping/Documentation.pdf
./Coursera_Capstone-master.04.zip.dir/Coursera_Capstone-master/Finals/Singapore_BOTN_final.pdf
./Coursera_Capstone-master.05.zip.dir/Coursera_Capstone-master/CourseraCapstoneReport.pdf
./Coursera_Capstone-master.06.zip.dir/Coursera_Capstone-master/week4_report.pdf
./Coursera_Capstone-master.06.zip.dir/Coursera_Capstone-master/week5_final_report.pdf
./Coursera_Capstone-master.06.zip.dir/Coursera_Capstone-master/week5_presentation.pdf
./Coursera_Capstone-master.08.zip.dir/Coursera_Capstone-master/Week4/Week4_Description_Include_Code.pdf
./Coursera_Capstone-master.08.zip.dir/Coursera_Capstone-master/Week5/Capstone_Week4_Report.pdf
./Coursera_Capstone-master.09.zip.dir/Coursera_Capstone-master/CourseraCapstoneProject-ProjectPresentation.pdf
./Coursera_Capstone-master.09.zip.dir/Coursera_Capstone-master/CourseraCapstone-ProjectReport.pdf
./Coursera_Capstone-master.11.zip.dir/Coursera_Capstone-master/BusinessProblem.pdf
./Coursera_Capstone-master.11.zip.dir/Coursera_Capstone-master/Data.pdf
./Coursera_Capstone-master.11.zip.dir/Coursera_Capstone-master/Final_Report.pdf
./Coursera_Capstone-master.15.zip.dir/CapstoneProject-master/TheBattleofNeighborhoods.pdf
./coursera_capstone-master.zip.dir/coursera_capstone-master/Capstone_final_project.pdf
./coursera_capstone-master.zip.dir/coursera_capstone-master/Coursera_capstone_final_ppt.pdf
./coursera-data-science-master.zip.dir/coursera-data-science-master/BudamapPresentation.pdf
./coursera-data-science-master.zip.dir/coursera-data-science-master/BudamapReport.pdf
./coursera-ibm-ds-capstone-master.zip.dir/coursera-ibm-ds-capstone-master/Capstone_report.pdf
